#
# There is insufficient memory for the Java Runtime Environment to continue.
# Native memory allocation (malloc) failed to allocate 957616 bytes. Error detail: Chunk::new
# Possible reasons:
#   The system is out of physical RAM or swap space
#   This process is running with CompressedOops enabled, and the Java Heap may be blocking the growth of the native heap
# Possible solutions:
#   Reduce memory load on the system
#   Increase physical memory or swap space
#   Check if swap backing store is full
#   Decrease Java heap size (-Xmx/-Xms)
#   Decrease number of Java threads
#   Decrease Java thread stack sizes (-Xss)
#   Set larger code cache with -XX:ReservedCodeCacheSize=
#   JVM is running with Unscaled Compressed Oops mode in which the Java heap is
#     placed in the first 4GB address space. The Java Heap base address is the
#     maximum limit for the native heap growth. Please use -XX:HeapBaseMinAddress
#     to set the Java Heap base and to place the Java Heap above 4GB virtual address.
# This output file may be truncated or incomplete.
#
#  Out of Memory Error (arena.cpp:168), pid=6532, tid=28152
#
# JRE version: OpenJDK Runtime Environment Temurin-21.0.11+10 (21.0.11+10) (build 21.0.11+10-LTS)
# Java VM: OpenJDK 64-Bit Server VM Temurin-21.0.11+10 (21.0.11+10-LTS, mixed mode, sharing, tiered, compressed oops, compressed class ptrs, parallel gc, windows-amd64)
# No core dump will be written. Minidumps are not enabled by default on client versions of Windows
#

---------------  S U M M A R Y ------------

Command Line: --add-modules=ALL-SYSTEM --add-opens=java.base/java.util=ALL-UNNAMED --add-opens=java.base/java.lang=ALL-UNNAMED --add-opens=java.base/sun.nio.fs=ALL-UNNAMED -Declipse.application=org.eclipse.jdt.ls.core.id1 -Dosgi.bundles.defaultStartLevel=4 -Declipse.product=org.eclipse.jdt.ls.core.product -Djava.import.generatesMetadataFilesAtProjectRoot=false -DDetectVMInstallationsJob.disabled=true -Dfile.encoding=utf8 -XX:+UseParallelGC -XX:GCTimeRatio=4 -XX:AdaptiveSizePolicyWeight=90 -Dsun.zip.disableMemoryMapping=true -Xmx2G -Xms100m -Xlog:disable -javaagent:c:\Users\D21\.cursor\extensions\redhat.java-1.55.0-win32-x64\lombok\lombok-1.18.39-4050.jar -XX:+HeapDumpOnOutOfMemoryError -XX:HeapDumpPath=c:\Users\D21\AppData\Roaming\Cursor\User\workspaceStorage\a3e87334ead7c4b19bf7f56874e7213a\redhat.java -Daether.dependencyCollector.impl=bf c:\Users\D21\.cursor\extensions\redhat.java-1.55.0-win32-x64\server\plugins\org.eclipse.equinox.launcher_1.7.200.v20260619-2039.jar -configuration c:\Users\D21\AppData\Roaming\Cursor\User\globalStorage\redhat.java\1.55.0\config_win -data c:\Users\D21\AppData\Roaming\Cursor\User\workspaceStorage\a3e87334ead7c4b19bf7f56874e7213a\redhat.java\jdt_ws --pipe=\\.\pipe\lsp-518e2af93f191fa09c64080eaf4fc689-sock

Host: Intel(R) Core(TM) i5-6400 CPU @ 2.70GHz, 4 cores, 15G,  Windows 10 , 64 bit Build 19041 (10.0.19041.5915)
Time: Mon Aug 31 15:23:32 2026 elapsed time: 18.148882 seconds (0d 0h 0m 18s)

---------------  T H R E A D  ---------------

Current thread (0x000002149328a580):  JavaThread "C2 CompilerThread0" daemon [_thread_in_native, id=28152, stack(0x000000de55700000,0x000000de55800000) (1024K)]


Current CompileTask:
C2:18149 9371       4       org.eclipse.jdt.internal.compiler.lookup.BinaryTypeBinding::createMethod (1666 bytes)

Stack: [0x000000de55700000,0x000000de55800000]
Native frames: (J=compiled Java code, j=interpreted, Vv=VM code, C=native code)
V  [jvm.dll+0x6d7e19]
V  [jvm.dll+0x8b5096]
V  [jvm.dll+0x8b764e]
V  [jvm.dll+0x8b7d33]
V  [jvm.dll+0x284596]
V  [jvm.dll+0xc685d]
V  [jvm.dll+0xc6da1]
V  [jvm.dll+0x2fb4ee]
V  [jvm.dll+0x5fe9a4]
V  [jvm.dll+0x255d67]
V  [jvm.dll+0x24e3bf]
V  [jvm.dll+0x24bbe6]
V  [jvm.dll+0x1cb4ae]
V  [jvm.dll+0x25baad]
V  [jvm.dll+0x25a03a]
V  [jvm.dll+0x3f868e]
V  [jvm.dll+0x85fb0d]
V  [jvm.dll+0x6d664d]
C  [ucrtbase.dll+0x21bb2]
C  [KERNEL32.DLL+0x17374]
C  [ntdll.dll+0x4cc91]


---------------  P R O C E S S  ---------------

Threads class SMR info:
_java_thread_list=0x00000214fba77c40, length=45, elements={
0x00000214933821a0, 0x000002149326a540, 0x000002149326baf0, 0x000002149326f150,
0x00000214932700d0, 0x0000021493275590, 0x00000214932762b0, 0x000002149328a580,
0x00000214932eafe0, 0x0000021493275c20, 0x0000021493276940, 0x0000021493276fd0,
0x0000021493277660, 0x0000021493278380, 0x0000021493277cf0, 0x0000021493278a10,
0x00000214f10b3c80, 0x00000214f10b49a0, 0x00000214f10ae730, 0x00000214f10b5030,
0x00000214f10aedc0, 0x00000214f10b28d0, 0x00000214f10b0170, 0x00000214f10b2240,
0x00000214f10ae0a0, 0x00000214f10af450, 0x00000214f10b0800, 0x00000214f10b2f60,
0x00000214f10b4310, 0x00000214f10b0e90, 0x00000214f10afae0, 0x00000214f10b35f0,
0x00000214f10b56c0, 0x00000214f2450420, 0x00000214f2451e60, 0x00000214f24517d0,
0x00000214f24552e0, 0x00000214f2451140, 0x00000214f2454c50, 0x00000214f2450ab0,
0x00000214f24524f0, 0x00000214f244f700, 0x00000214f2453210, 0x00000214f2453f30,
0x00000214f36951f0
}

Java Threads: ( => current thread )
  0x00000214933821a0 JavaThread "main"                              [_thread_blocked, id=21624, stack(0x000000de54d00000,0x000000de54e00000) (1024K)]
  0x000002149326a540 JavaThread "Reference Handler"          daemon [_thread_blocked, id=11856, stack(0x000000de55100000,0x000000de55200000) (1024K)]
  0x000002149326baf0 JavaThread "Finalizer"                  daemon [_thread_blocked, id=10108, stack(0x000000de55200000,0x000000de55300000) (1024K)]
  0x000002149326f150 JavaThread "Signal Dispatcher"          daemon [_thread_blocked, id=7616, stack(0x000000de55300000,0x000000de55400000) (1024K)]
  0x00000214932700d0 JavaThread "Attach Listener"            daemon [_thread_blocked, id=21020, stack(0x000000de55400000,0x000000de55500000) (1024K)]
  0x0000021493275590 JavaThread "Service Thread"             daemon [_thread_blocked, id=4228, stack(0x000000de55500000,0x000000de55600000) (1024K)]
  0x00000214932762b0 JavaThread "Monitor Deflation Thread"   daemon [_thread_blocked, id=2440, stack(0x000000de55600000,0x000000de55700000) (1024K)]
=>0x000002149328a580 JavaThread "C2 CompilerThread0"         daemon [_thread_in_native, id=28152, stack(0x000000de55700000,0x000000de55800000) (1024K)]
  0x00000214932eafe0 JavaThread "C1 CompilerThread0"         daemon [_thread_in_native, id=18788, stack(0x000000de55800000,0x000000de55900000) (1024K)]
  0x0000021493275c20 JavaThread "Common-Cleaner"             daemon [_thread_blocked, id=2980, stack(0x000000de55900000,0x000000de55a00000) (1024K)]
  0x0000021493276940 JavaThread "Notification Thread"        daemon [_thread_blocked, id=29000, stack(0x000000de55b00000,0x000000de55c00000) (1024K)]
  0x0000021493276fd0 JavaThread "Active Thread: Equinox Container: 94512d83-8c35-4ca1-8a42-c27062464dd2"        [_thread_blocked, id=6284, stack(0x000000de55f00000,0x000000de56000000) (1024K)]
  0x0000021493277660 JavaThread "Refresh Thread: Equinox Container: 94512d83-8c35-4ca1-8a42-c27062464dd2" daemon [_thread_blocked, id=10384, stack(0x000000de56000000,0x000000de56100000) (1024K)]
  0x0000021493278380 JavaThread "Framework Event Dispatcher: Equinox Container: 94512d83-8c35-4ca1-8a42-c27062464dd2" daemon [_thread_blocked, id=29304, stack(0x000000de55a00000,0x000000de55b00000) (1024K)]
  0x0000021493277cf0 JavaThread "Start Level: Equinox Container: 94512d83-8c35-4ca1-8a42-c27062464dd2" daemon [_thread_blocked, id=21308, stack(0x000000de56100000,0x000000de56200000) (1024K)]
  0x0000021493278a10 JavaThread "Bundle File Closer"         daemon [_thread_blocked, id=6176, stack(0x000000de56300000,0x000000de56400000) (1024K)]
  0x00000214f10b3c80 JavaThread "SCR Component Actor"        daemon [_thread_blocked, id=10704, stack(0x000000de56200000,0x000000de56300000) (1024K)]
  0x00000214f10b49a0 JavaThread "Worker-JM"                         [_thread_blocked, id=28412, stack(0x000000de56500000,0x000000de56600000) (1024K)]
  0x00000214f10ae730 JavaThread "JNA Cleaner"                daemon [_thread_blocked, id=22364, stack(0x000000de56600000,0x000000de56700000) (1024K)]
  0x00000214f10b5030 JavaThread "Worker-0"                          [_thread_blocked, id=28892, stack(0x000000de56700000,0x000000de56800000) (1024K)]
  0x00000214f10aedc0 JavaThread "Worker-1: Building"                [_thread_blocked, id=14692, stack(0x000000de56800000,0x000000de56900000) (1024K)]
  0x00000214f10b28d0 JavaThread "Worker-2"                          [_thread_blocked, id=22720, stack(0x000000de56900000,0x000000de56a00000) (1024K)]
  0x00000214f10b0170 JavaThread "Java indexing"              daemon [_thread_blocked, id=27200, stack(0x000000de56a00000,0x000000de56b00000) (1024K)]
  0x00000214f10b2240 JavaThread "Worker-3"                          [_thread_blocked, id=20432, stack(0x000000de56b00000,0x000000de56c00000) (1024K)]
  0x00000214f10ae0a0 JavaThread "Worker-4"                          [_thread_blocked, id=22248, stack(0x000000de56e00000,0x000000de56f00000) (1024K)]
  0x00000214f10af450 JavaThread "Thread-1"                   daemon [_thread_in_native, id=6908, stack(0x000000de56f00000,0x000000de57000000) (1024K)]
  0x00000214f10b0800 JavaThread "Thread-2"                   daemon [_thread_in_native, id=21868, stack(0x000000de57000000,0x000000de57100000) (1024K)]
  0x00000214f10b2f60 JavaThread "Thread-3"                   daemon [_thread_in_native, id=5052, stack(0x000000de57100000,0x000000de57200000) (1024K)]
  0x00000214f10b4310 JavaThread "Thread-4"                   daemon [_thread_in_native, id=18516, stack(0x000000de57200000,0x000000de57300000) (1024K)]
  0x00000214f10b0e90 JavaThread "Thread-5"                   daemon [_thread_in_native, id=28076, stack(0x000000de57300000,0x000000de57400000) (1024K)]
  0x00000214f10afae0 JavaThread "pool-2-thread-1"                   [_thread_blocked, id=21888, stack(0x000000de57400000,0x000000de57500000) (1024K)]
  0x00000214f10b35f0 JavaThread "WorkspaceEventsHandler"            [_thread_blocked, id=26072, stack(0x000000de57500000,0x000000de57600000) (1024K)]
  0x00000214f10b56c0 JavaThread "pool-1-thread-1"                   [_thread_blocked, id=7656, stack(0x000000de57600000,0x000000de57700000) (1024K)]
  0x00000214f2450420 JavaThread "PatternSearchJob-worker-1"  daemon [_thread_blocked, id=23344, stack(0x000000de57700000,0x000000de57800000) (1024K)]
  0x00000214f2451e60 JavaThread "PatternSearchJob-worker-2"  daemon [_thread_blocked, id=8836, stack(0x000000de57800000,0x000000de57900000) (1024K)]
  0x00000214f24517d0 JavaThread "PatternSearchJob-worker-3"  daemon [_thread_blocked, id=28120, stack(0x000000de57900000,0x000000de57a00000) (1024K)]
  0x00000214f24552e0 JavaThread "LocalFile Deleter"          daemon [_thread_blocked, id=12724, stack(0x000000de57a00000,0x000000de57b00000) (1024K)]
  0x00000214f2451140 JavaThread "LocalFile Deleter"          daemon [_thread_blocked, id=9208, stack(0x000000de57b00000,0x000000de57c00000) (1024K)]
  0x00000214f2454c50 JavaThread "LocalFile Deleter"          daemon [_thread_blocked, id=20972, stack(0x000000de57c00000,0x000000de57d00000) (1024K)]
  0x00000214f2450ab0 JavaThread "LocalFile Deleter"          daemon [_thread_blocked, id=13484, stack(0x000000de57d00000,0x000000de57e00000) (1024K)]
  0x00000214f24524f0 JavaThread "Compiler Source File Reader" daemon [_thread_blocked, id=21160, stack(0x000000de57e00000,0x000000de57f00000) (1024K)]
  0x00000214f244f700 JavaThread "Compiler Source File Reader" daemon [_thread_blocked, id=17644, stack(0x000000de57f00000,0x000000de58000000) (1024K)]
  0x00000214f2453210 JavaThread "Compiler Processing Task"   daemon [_thread_in_vm, id=8124, stack(0x000000de56400000,0x000000de56500000) (1024K)]
  0x00000214f2453f30 JavaThread "Compiler Class File Writer" daemon [_thread_blocked, id=2372, stack(0x000000de58000000,0x000000de58100000) (1024K)]
  0x00000214f36951f0 JavaThread "C2 CompilerThread1"         daemon [_thread_in_native, id=23516, stack(0x000000de58100000,0x000000de58200000) (1024K)]
Total: 45

Other Threads:
  0x000002149343e100 VMThread "VM Thread"                           [id=10016, stack(0x000000de55000000,0x000000de55100000) (1024K)]
  0x00000214933eb6b0 WatcherThread "VM Periodic Task Thread"        [id=28924, stack(0x000000de54f00000,0x000000de55000000) (1024K)]
  0x00000214933a00f0 WorkerThread "GC Thread#0"                     [id=22004, stack(0x000000de54e00000,0x000000de54f00000) (1024K)]
  0x00000214f0841930 WorkerThread "GC Thread#1"                     [id=26576, stack(0x000000de55c00000,0x000000de55d00000) (1024K)]
  0x00000214f01f4a40 WorkerThread "GC Thread#2"                     [id=18460, stack(0x000000de55d00000,0x000000de55e00000) (1024K)]
  0x00000214f01f4df0 WorkerThread "GC Thread#3"                     [id=24736, stack(0x000000de55e00000,0x000000de55f00000) (1024K)]
Total: 6

Threads with active compile tasks:
C2 CompilerThread0  18196 9371       4       org.eclipse.jdt.internal.compiler.lookup.BinaryTypeBinding::createMethod (1666 bytes)
C1 CompilerThread0  18196 9430       3       org.eclipse.jdt.internal.compiler.lookup.Scope::getTypeOrPackage (1525 bytes)
C2 CompilerThread1  18196 9407       4       java.lang.ClassLoader::defineClass (43 bytes)
Total: 3

VM state: not at safepoint (normal execution)

VM Mutex/Monitor currently owned by a thread:  ([mutex/lock_event])
[0x00007ffeeaf1e070] MethodCompileQueue_lock - owner thread: 0x00000214932eafe0
[0x00007ffeeaf1f470] CodeCache_lock - owner thread: 0x00000214932eafe0
[0x00007ffeeaf1f5f0] Compile_lock - owner thread: 0x00000214932eafe0

Heap address: 0x0000000080000000, size: 2048 MB, Compressed Oops mode: 32-bit

CDS archive(s) mapped at: [0x00000214aa000000-0x00000214aaba0000-0x00000214aaba0000), size 12189696, SharedBaseAddress: 0x00000214aa000000, ArchiveRelocationMode: 1.
Compressed class space mapped at: 0x00000214ab000000-0x00000214eb000000, reserved size: 1073741824
Narrow klass base: 0x00000214aa000000, Narrow klass shift: 0, Narrow klass range: 0x100000000

GC Precious Log:
 CardTable entry size: 512
 CPUs: 4 total, 4 available
 Memory: 16336M
 Large Page Support: Disabled
 NUMA Support: Disabled
 Compressed Oops: Enabled (32-bit)
 Alignments: Space 512K, Generation 512K, Heap 2M
 Heap Min Capacity: 100M
 Heap Initial Capacity: 100M
 Heap Max Capacity: 2G
 Pre-touch: Disabled
 Parallel Workers: 4

Heap:
 PSYoungGen      total 15872K, used 13395K [0x00000000d5580000, 0x00000000d6600000, 0x0000000100000000)
  eden space 14336K, 89% used [0x00000000d5580000,0x00000000d62173a8,0x00000000d6380000)
  from space 1536K, 32% used [0x00000000d6380000,0x00000000d63fda20,0x00000000d6500000)
  to   space 1024K, 0% used [0x00000000d6500000,0x00000000d6500000,0x00000000d6600000)
 ParOldGen       total 68608K, used 67684K [0x0000000080000000, 0x0000000084300000, 0x00000000d5580000)
  object space 68608K, 98% used [0x0000000080000000,0x0000000084219360,0x0000000084300000)
 Metaspace       used 57135K, committed 58496K, reserved 1114112K
  class space    used 6091K, committed 6656K, reserved 1048576K

Card table byte_map: [0x0000021492d30000,0x0000021493140000] _byte_map_base: 0x0000021492930000

Marking Bits: (ParMarkBitMap*) 0x00007ffeeaf24460
 Begin Bits: [0x00000214a5840000, 0x00000214a7840000)
 End Bits:   [0x00000214a7840000, 0x00000214a9840000)

Polling page: 0x00000214912a0000

Metaspace:

Usage:
  Non-class:     49.85 MB used.
      Class:      5.95 MB used.
       Both:     55.80 MB used.

Virtual space:
  Non-class space:       64.00 MB reserved,      50.62 MB ( 79%) committed,  1 nodes.
      Class space:        1.00 GB reserved,       6.50 MB ( <1%) committed,  1 nodes.
             Both:        1.06 GB reserved,      57.12 MB (  5%) committed. 

Chunk freelists:
   Non-Class:  13.22 MB
       Class:  9.38 MB
        Both:  22.60 MB

MaxMetaspaceSize: unlimited
CompressedClassSpaceSize: 1.00 GB
Initial GC threshold: 21.00 MB
Current GC threshold: 58.38 MB
CDS: on
 - commit_granule_bytes: 65536.
 - commit_granule_words: 8192.
 - virtual_space_node_default_size: 8388608.
 - enlarge_chunks_in_place: 1.
 - use_allocation_guard: 0.


Internal statistics:

num_allocs_failed_limit: 6.
num_arena_births: 1134.
num_arena_deaths: 14.
num_vsnodes_births: 2.
num_vsnodes_deaths: 0.
num_space_committed: 914.
num_space_uncommitted: 0.
num_chunks_returned_to_freelist: 20.
num_chunks_taken_from_freelist: 3823.
num_chunk_merges: 7.
num_chunk_splits: 2332.
num_chunks_enlarged: 1293.
num_inconsistent_stats: 0.

CodeHeap 'non-profiled nmethods': size=120000Kb used=5941Kb max_used=5941Kb free=114058Kb
 bounds [0x000002149e060000, 0x000002149e630000, 0x00000214a5590000]
CodeHeap 'profiled nmethods': size=120000Kb used=20047Kb max_used=20047Kb free=99952Kb
 bounds [0x0000021496590000, 0x0000021497930000, 0x000002149dac0000]
CodeHeap 'non-nmethods': size=5760Kb used=1404Kb max_used=1635Kb free=4355Kb
 bounds [0x000002149dac0000, 0x000002149dd30000, 0x000002149e060000]
CodeCache: size=245760Kb, used=27392Kb, max_used=27623Kb, free=218365Kb
 total_blobs=9554, nmethods=8841, adapters=619, full_count=0
Compilation: enabled, stopped_count=0, restarted_count=0

Compilation events (20 events):
Event: 18.097 Thread 0x00000214932eafe0 nmethod 9400 0x0000021497904c10 code [0x0000021497904e60, 0x0000021497905578]
Event: 18.115 Thread 0x00000214f36951f0 nmethod 9393 0x000002149e628610 code [0x000002149e628a40, 0x000002149e629e30]
Event: 18.116 Thread 0x00000214f36951f0 9372       4       org.eclipse.jdt.internal.compiler.lookup.ReferenceBinding::hashCode (38 bytes)
Event: 18.118 Thread 0x00000214f36951f0 nmethod 9372 0x000002149e62af90 code [0x000002149e62b160, 0x000002149e62b4c0]
Event: 18.118 Thread 0x00000214f36951f0 9390       4       org.eclipse.jdt.internal.compiler.ast.TypeReference::getAnnotationsOnDimensions (6 bytes)
Event: 18.118 Thread 0x00000214f36951f0 nmethod 9390 0x000002149e62b610 code [0x000002149e62b7a0, 0x000002149e62b850]
Event: 18.118 Thread 0x00000214f36951f0 9385       4       org.eclipse.jdt.internal.compiler.parser.Scanner::areRestrictedModuleKeywordsActive (21 bytes)
Event: 18.119 Thread 0x00000214f36951f0 nmethod 9385 0x000002149e62b910 code [0x000002149e62baa0, 0x000002149e62bb48]
Event: 18.119 Thread 0x00000214f36951f0 9382       4       java.lang.Class$Atomic::casReflectionData (13 bytes)
Event: 18.119 Thread 0x00000214f36951f0 nmethod 9382 0x000002149e62bc10 code [0x000002149e62bd80, 0x000002149e62be20]
Event: 18.132 Thread 0x00000214f36951f0 9401       4       org.eclipse.core.internal.dtree.DeltaDataTree::searchNodeAt (120 bytes)
Event: 18.135 Thread 0x00000214932eafe0 9402       3       java.lang.invoke.InvokerBytecodeGenerator::classDataValues (260 bytes)
Event: 18.135 Thread 0x00000214f36951f0 nmethod 9401 0x000002149e62bf10 code [0x000002149e62c0e0, 0x000002149e62c3f0]
Event: 18.135 Thread 0x00000214f36951f0 9404       4       org.eclipse.jdt.internal.compiler.lookup.TypeBinding::equalsEquals (76 bytes)
Event: 18.136 Thread 0x00000214932eafe0 nmethod 9402 0x0000021497905890 code [0x0000021497905d20, 0x0000021497908a30]
Event: 18.136 Thread 0x00000214932eafe0 9403   !   3       java.lang.invoke.InvokerBytecodeGenerator::resolveInvokerMember (43 bytes)
Event: 18.136 Thread 0x00000214932eafe0 nmethod 9403 0x0000021497909410 code [0x0000021497909600, 0x0000021497909948]
Event: 18.136 Thread 0x00000214f36951f0 nmethod 9404 0x000002149e62c710 code [0x000002149e62c8a0, 0x000002149e62c9a0]
Event: 18.136 Thread 0x00000214932eafe0 9405   !   3       lombok.launch.PatchFixesHider$Util::invokeMethod (22 bytes)
Event: 18.137 Thread 0x00000214932eafe0 nmethod 9405 0x0000021497909a90 code [0x0000021497909d40, 0x000002149790a828]

GC Heap History (20 events):
Event: 11.173 GC heap before
{Heap before GC invocations=32 (full 2):
 PSYoungGen      total 19456K, used 19429K [0x00000000d5580000, 0x00000000d6c80000, 0x0000000100000000)
  eden space 18432K, 100% used [0x00000000d5580000,0x00000000d6780000,0x00000000d6780000)
  from space 1024K, 97% used [0x00000000d6980000,0x00000000d6a797d8,0x00000000d6a80000)
  to   space 2048K, 0% used [0x00000000d6a80000,0x00000000d6a80000,0x00000000d6c80000)
 ParOldGen       total 68608K, used 52499K [0x0000000080000000, 0x0000000084300000, 0x00000000d5580000)
  object space 68608K, 76% used [0x0000000080000000,0x0000000083344cd0,0x0000000084300000)
 Metaspace       used 53977K, committed 55296K, reserved 1114112K
  class space    used 5852K, committed 6400K, reserved 1048576K
}
Event: 11.177 GC heap after
{Heap after GC invocations=32 (full 2):
 PSYoungGen      total 16896K, used 2044K [0x00000000d5580000, 0x00000000d7480000, 0x0000000100000000)
  eden space 14848K, 0% used [0x00000000d5580000,0x00000000d5580000,0x00000000d6400000)
  from space 2048K, 99% used [0x00000000d6a80000,0x00000000d6c7f388,0x00000000d6c80000)
  to   space 6656K, 0% used [0x00000000d6400000,0x00000000d6400000,0x00000000d6a80000)
 ParOldGen       total 68608K, used 55947K [0x0000000080000000, 0x0000000084300000, 0x00000000d5580000)
  object space 68608K, 81% used [0x0000000080000000,0x00000000836a2df8,0x0000000084300000)
 Metaspace       used 53977K, committed 55296K, reserved 1114112K
  class space    used 5852K, committed 6400K, reserved 1048576K
}
Event: 12.013 GC heap before
{Heap before GC invocations=33 (full 2):
 PSYoungGen      total 16896K, used 16892K [0x00000000d5580000, 0x00000000d7480000, 0x0000000100000000)
  eden space 14848K, 100% used [0x00000000d5580000,0x00000000d6400000,0x00000000d6400000)
  from space 2048K, 99% used [0x00000000d6a80000,0x00000000d6c7f388,0x00000000d6c80000)
  to   space 6656K, 0% used [0x00000000d6400000,0x00000000d6400000,0x00000000d6a80000)
 ParOldGen       total 68608K, used 55947K [0x0000000080000000, 0x0000000084300000, 0x00000000d5580000)
  object space 68608K, 81% used [0x0000000080000000,0x00000000836a2df8,0x0000000084300000)
 Metaspace       used 54550K, committed 55936K, reserved 1114112K
  class space    used 5894K, committed 6464K, reserved 1048576K
}
Event: 12.016 GC heap after
{Heap after GC invocations=33 (full 2):
 PSYoungGen      total 17408K, used 2394K [0x00000000d5580000, 0x00000000d6b00000, 0x0000000100000000)
  eden space 14848K, 0% used [0x00000000d5580000,0x00000000d5580000,0x00000000d6400000)
  from space 2560K, 93% used [0x00000000d6400000,0x00000000d6656b00,0x00000000d6680000)
  to   space 3584K, 0% used [0x00000000d6780000,0x00000000d6780000,0x00000000d6b00000)
 ParOldGen       total 68608K, used 57935K [0x0000000080000000, 0x0000000084300000, 0x00000000d5580000)
  object space 68608K, 84% used [0x0000000080000000,0x0000000083893e28,0x0000000084300000)
 Metaspace       used 54550K, committed 55936K, reserved 1114112K
  class space    used 5894K, committed 6464K, reserved 1048576K
}
Event: 12.481 GC heap before
{Heap before GC invocations=34 (full 2):
 PSYoungGen      total 17408K, used 17242K [0x00000000d5580000, 0x00000000d6b00000, 0x0000000100000000)
  eden space 14848K, 100% used [0x00000000d5580000,0x00000000d6400000,0x00000000d6400000)
  from space 2560K, 93% used [0x00000000d6400000,0x00000000d6656b00,0x00000000d6680000)
  to   space 3584K, 0% used [0x00000000d6780000,0x00000000d6780000,0x00000000d6b00000)
 ParOldGen       total 68608K, used 57935K [0x0000000080000000, 0x0000000084300000, 0x00000000d5580000)
  object space 68608K, 84% used [0x0000000080000000,0x0000000083893e28,0x0000000084300000)
 Metaspace       used 54666K, committed 56064K, reserved 1114112K
  class space    used 5903K, committed 6464K, reserved 1048576K
}
Event: 12.485 GC heap after
{Heap after GC invocations=34 (full 2):
 PSYoungGen      total 15872K, used 944K [0x00000000d5580000, 0x00000000d6880000, 0x0000000100000000)
  eden space 14848K, 0% used [0x00000000d5580000,0x00000000d5580000,0x00000000d6400000)
  from space 1024K, 92% used [0x00000000d6780000,0x00000000d686c050,0x00000000d6880000)
  to   space 2048K, 0% used [0x00000000d6480000,0x00000000d6480000,0x00000000d6680000)
 ParOldGen       total 68608K, used 60238K [0x0000000080000000, 0x0000000084300000, 0x00000000d5580000)
  object space 68608K, 87% used [0x0000000080000000,0x0000000083ad3a68,0x0000000084300000)
 Metaspace       used 54666K, committed 56064K, reserved 1114112K
  class space    used 5903K, committed 6464K, reserved 1048576K
}
Event: 13.512 GC heap before
{Heap before GC invocations=35 (full 2):
 PSYoungGen      total 15872K, used 15792K [0x00000000d5580000, 0x00000000d6880000, 0x0000000100000000)
  eden space 14848K, 100% used [0x00000000d5580000,0x00000000d6400000,0x00000000d6400000)
  from space 1024K, 92% used [0x00000000d6780000,0x00000000d686c050,0x00000000d6880000)
  to   space 2048K, 0% used [0x00000000d6480000,0x00000000d6480000,0x00000000d6680000)
 ParOldGen       total 68608K, used 60238K [0x0000000080000000, 0x0000000084300000, 0x00000000d5580000)
  object space 68608K, 87% used [0x0000000080000000,0x0000000083ad3a68,0x0000000084300000)
 Metaspace       used 54762K, committed 56256K, reserved 1114112K
  class space    used 5906K, committed 6528K, reserved 1048576K
}
Event: 13.514 GC heap after
{Heap after GC invocations=35 (full 2):
 PSYoungGen      total 16896K, used 992K [0x00000000d5580000, 0x00000000d6800000, 0x0000000100000000)
  eden space 14848K, 0% used [0x00000000d5580000,0x00000000d5580000,0x00000000d6400000)
  from space 2048K, 48% used [0x00000000d6480000,0x00000000d6578060,0x00000000d6680000)
  to   space 1536K, 0% used [0x00000000d6680000,0x00000000d6680000,0x00000000d6800000)
 ParOldGen       total 68608K, used 61110K [0x0000000080000000, 0x0000000084300000, 0x00000000d5580000)
  object space 68608K, 89% used [0x0000000080000000,0x0000000083badb08,0x0000000084300000)
 Metaspace       used 54762K, committed 56256K, reserved 1114112K
  class space    used 5906K, committed 6528K, reserved 1048576K
}
Event: 14.017 GC heap before
{Heap before GC invocations=36 (full 2):
 PSYoungGen      total 16896K, used 15840K [0x00000000d5580000, 0x00000000d6800000, 0x0000000100000000)
  eden space 14848K, 100% used [0x00000000d5580000,0x00000000d6400000,0x00000000d6400000)
  from space 2048K, 48% used [0x00000000d6480000,0x00000000d6578060,0x00000000d6680000)
  to   space 1536K, 0% used [0x00000000d6680000,0x00000000d6680000,0x00000000d6800000)
 ParOldGen       total 68608K, used 61110K [0x0000000080000000, 0x0000000084300000, 0x00000000d5580000)
  object space 68608K, 89% used [0x0000000080000000,0x0000000083badb08,0x0000000084300000)
 Metaspace       used 54789K, committed 56256K, reserved 1114112K
  class space    used 5907K, committed 6528K, reserved 1048576K
}
Event: 14.019 GC heap after
{Heap after GC invocations=36 (full 2):
 PSYoungGen      total 15872K, used 912K [0x00000000d5580000, 0x00000000d6780000, 0x0000000100000000)
  eden space 14848K, 0% used [0x00000000d5580000,0x00000000d5580000,0x00000000d6400000)
  from space 1024K, 89% used [0x00000000d6680000,0x00000000d6764030,0x00000000d6780000)
  to   space 1024K, 0% used [0x00000000d6580000,0x00000000d6580000,0x00000000d6680000)
 ParOldGen       total 68608K, used 62071K [0x0000000080000000, 0x0000000084300000, 0x00000000d5580000)
  object space 68608K, 90% used [0x0000000080000000,0x0000000083c9dc08,0x0000000084300000)
 Metaspace       used 54789K, committed 56256K, reserved 1114112K
  class space    used 5907K, committed 6528K, reserved 1048576K
}
Event: 14.444 GC heap before
{Heap before GC invocations=37 (full 2):
 PSYoungGen      total 15872K, used 15760K [0x00000000d5580000, 0x00000000d6780000, 0x0000000100000000)
  eden space 14848K, 100% used [0x00000000d5580000,0x00000000d6400000,0x00000000d6400000)
  from space 1024K, 89% used [0x00000000d6680000,0x00000000d6764030,0x00000000d6780000)
  to   space 1024K, 0% used [0x00000000d6580000,0x00000000d6580000,0x00000000d6680000)
 ParOldGen       total 68608K, used 62071K [0x0000000080000000, 0x0000000084300000, 0x00000000d5580000)
  object space 68608K, 90% used [0x0000000080000000,0x0000000083c9dc08,0x0000000084300000)
 Metaspace       used 54852K, committed 56320K, reserved 1114112K
  class space    used 5907K, committed 6528K, reserved 1048576K
}
Event: 14.449 GC heap after
{Heap after GC invocations=37 (full 2):
 PSYoungGen      total 15872K, used 928K [0x00000000d5580000, 0x00000000d6700000, 0x0000000100000000)
  eden space 14848K, 0% used [0x00000000d5580000,0x00000000d5580000,0x00000000d6400000)
  from space 1024K, 90% used [0x00000000d6580000,0x00000000d6668040,0x00000000d6680000)
  to   space 512K, 0% used [0x00000000d6680000,0x00000000d6680000,0x00000000d6700000)
 ParOldGen       total 68608K, used 62935K [0x0000000080000000, 0x0000000084300000, 0x00000000d5580000)
  object space 68608K, 91% used [0x0000000080000000,0x0000000083d75ca8,0x0000000084300000)
 Metaspace       used 54852K, committed 56320K, reserved 1114112K
  class space    used 5907K, committed 6528K, reserved 1048576K
}
Event: 15.256 GC heap before
{Heap before GC invocations=38 (full 2):
 PSYoungGen      total 15872K, used 15776K [0x00000000d5580000, 0x00000000d6700000, 0x0000000100000000)
  eden space 14848K, 100% used [0x00000000d5580000,0x00000000d6400000,0x00000000d6400000)
  from space 1024K, 90% used [0x00000000d6580000,0x00000000d6668040,0x00000000d6680000)
  to   space 512K, 0% used [0x00000000d6680000,0x00000000d6680000,0x00000000d6700000)
 ParOldGen       total 68608K, used 62935K [0x0000000080000000, 0x0000000084300000, 0x00000000d5580000)
  object space 68608K, 91% used [0x0000000080000000,0x0000000083d75ca8,0x0000000084300000)
 Metaspace       used 55500K, committed 56896K, reserved 1114112K
  class space    used 5965K, committed 6528K, reserved 1048576K
}
Event: 15.259 GC heap after
{Heap after GC invocations=38 (full 2):
 PSYoungGen      total 14848K, used 512K [0x00000000d5580000, 0x00000000d6a00000, 0x0000000100000000)
  eden space 14336K, 0% used [0x00000000d5580000,0x00000000d5580000,0x00000000d6380000)
  from space 512K, 100% used [0x00000000d6680000,0x00000000d6700000,0x00000000d6700000)
  to   space 3072K, 0% used [0x00000000d6380000,0x00000000d6380000,0x00000000d6680000)
 ParOldGen       total 68608K, used 65029K [0x0000000080000000, 0x0000000084300000, 0x00000000d5580000)
  object space 68608K, 94% used [0x0000000080000000,0x0000000083f814a8,0x0000000084300000)
 Metaspace       used 55500K, committed 56896K, reserved 1114112K
  class space    used 5965K, committed 6528K, reserved 1048576K
}
Event: 16.559 GC heap before
{Heap before GC invocations=39 (full 2):
 PSYoungGen      total 14848K, used 14848K [0x00000000d5580000, 0x00000000d6a00000, 0x0000000100000000)
  eden space 14336K, 100% used [0x00000000d5580000,0x00000000d6380000,0x00000000d6380000)
  from space 512K, 100% used [0x00000000d6680000,0x00000000d6700000,0x00000000d6700000)
  to   space 3072K, 0% used [0x00000000d6380000,0x00000000d6380000,0x00000000d6680000)
 ParOldGen       total 68608K, used 65029K [0x0000000080000000, 0x0000000084300000, 0x00000000d5580000)
  object space 68608K, 94% used [0x0000000080000000,0x0000000083f814a8,0x0000000084300000)
 Metaspace       used 56154K, committed 57600K, reserved 1114112K
  class space    used 5990K, committed 6592K, reserved 1048576K
}
Event: 16.562 GC heap after
{Heap after GC invocations=39 (full 2):
 PSYoungGen      total 15872K, used 1401K [0x00000000d5580000, 0x00000000d6780000, 0x0000000100000000)
  eden space 14336K, 0% used [0x00000000d5580000,0x00000000d5580000,0x00000000d6380000)
  from space 1536K, 91% used [0x00000000d6380000,0x00000000d64de580,0x00000000d6500000)
  to   space 2048K, 0% used [0x00000000d6580000,0x00000000d6580000,0x00000000d6780000)
 ParOldGen       total 68608K, used 65557K [0x0000000080000000, 0x0000000084300000, 0x00000000d5580000)
  object space 68608K, 95% used [0x0000000080000000,0x00000000840054a8,0x0000000084300000)
 Metaspace       used 56154K, committed 57600K, reserved 1114112K
  class space    used 5990K, committed 6592K, reserved 1048576K
}
Event: 17.201 GC heap before
{Heap before GC invocations=40 (full 2):
 PSYoungGen      total 15872K, used 15737K [0x00000000d5580000, 0x00000000d6780000, 0x0000000100000000)
  eden space 14336K, 100% used [0x00000000d5580000,0x00000000d6380000,0x00000000d6380000)
  from space 1536K, 91% used [0x00000000d6380000,0x00000000d64de580,0x00000000d6500000)
  to   space 2048K, 0% used [0x00000000d6580000,0x00000000d6580000,0x00000000d6780000)
 ParOldGen       total 68608K, used 65557K [0x0000000080000000, 0x0000000084300000, 0x00000000d5580000)
  object space 68608K, 95% used [0x0000000080000000,0x00000000840054a8,0x0000000084300000)
 Metaspace       used 56319K, committed 57728K, reserved 1114112K
  class space    used 5992K, committed 6592K, reserved 1048576K
}
Event: 17.205 GC heap after
{Heap after GC invocations=40 (full 2):
 PSYoungGen      total 15360K, used 832K [0x00000000d5580000, 0x00000000d6680000, 0x0000000100000000)
  eden space 14336K, 0% used [0x00000000d5580000,0x00000000d5580000,0x00000000d6380000)
  from space 1024K, 81% used [0x00000000d6580000,0x00000000d6650000,0x00000000d6680000)
  to   space 1536K, 0% used [0x00000000d6380000,0x00000000d6380000,0x00000000d6500000)
 ParOldGen       total 68608K, used 66912K [0x0000000080000000, 0x0000000084300000, 0x00000000d5580000)
  object space 68608K, 97% used [0x0000000080000000,0x00000000841581b0,0x0000000084300000)
 Metaspace       used 56319K, committed 57728K, reserved 1114112K
  class space    used 5992K, committed 6592K, reserved 1048576K
}
Event: 17.619 GC heap before
{Heap before GC invocations=41 (full 2):
 PSYoungGen      total 15360K, used 15168K [0x00000000d5580000, 0x00000000d6680000, 0x0000000100000000)
  eden space 14336K, 100% used [0x00000000d5580000,0x00000000d6380000,0x00000000d6380000)
  from space 1024K, 81% used [0x00000000d6580000,0x00000000d6650000,0x00000000d6680000)
  to   space 1536K, 0% used [0x00000000d6380000,0x00000000d6380000,0x00000000d6500000)
 ParOldGen       total 68608K, used 66912K [0x0000000080000000, 0x0000000084300000, 0x00000000d5580000)
  object space 68608K, 97% used [0x0000000080000000,0x00000000841581b0,0x0000000084300000)
 Metaspace       used 56336K, committed 57728K, reserved 1114112K
  class space    used 5992K, committed 6592K, reserved 1048576K
}
Event: 17.621 GC heap after
{Heap after GC invocations=41 (full 2):
 PSYoungGen      total 15872K, used 502K [0x00000000d5580000, 0x00000000d6600000, 0x0000000100000000)
  eden space 14336K, 0% used [0x00000000d5580000,0x00000000d5580000,0x00000000d6380000)
  from space 1536K, 32% used [0x00000000d6380000,0x00000000d63fda20,0x00000000d6500000)
  to   space 1024K, 0% used [0x00000000d6500000,0x00000000d6500000,0x00000000d6600000)
 ParOldGen       total 68608K, used 67684K [0x0000000080000000, 0x0000000084300000, 0x00000000d5580000)
  object space 68608K, 98% used [0x0000000080000000,0x0000000084219360,0x0000000084300000)
 Metaspace       used 56336K, committed 57728K, reserved 1114112K
  class space    used 5992K, committed 6592K, reserved 1048576K
}

Dll operation events (10 events):
Event: 0.013 Loaded shared library c:\Users\D21\.cursor\extensions\redhat.java-1.55.0-win32-x64\jre\21.0.11-win32-x86_64\bin\java.dll
Event: 0.041 Loaded shared library c:\Users\D21\.cursor\extensions\redhat.java-1.55.0-win32-x64\jre\21.0.11-win32-x86_64\bin\zip.dll
Event: 0.141 Loaded shared library C:\Users\D21\.cursor\extensions\redhat.java-1.55.0-win32-x64\jre\21.0.11-win32-x86_64\bin\instrument.dll
Event: 0.151 Loaded shared library C:\Users\D21\.cursor\extensions\redhat.java-1.55.0-win32-x64\jre\21.0.11-win32-x86_64\bin\net.dll
Event: 0.156 Loaded shared library C:\Users\D21\.cursor\extensions\redhat.java-1.55.0-win32-x64\jre\21.0.11-win32-x86_64\bin\nio.dll
Event: 0.165 Loaded shared library C:\Users\D21\.cursor\extensions\redhat.java-1.55.0-win32-x64\jre\21.0.11-win32-x86_64\bin\zip.dll
Event: 0.196 Loaded shared library C:\Users\D21\.cursor\extensions\redhat.java-1.55.0-win32-x64\jre\21.0.11-win32-x86_64\bin\jimage.dll
Event: 0.304 Loaded shared library c:\Users\D21\.cursor\extensions\redhat.java-1.55.0-win32-x64\jre\21.0.11-win32-x86_64\bin\verify.dll
Event: 1.875 Loaded shared library C:\Users\D21\AppData\Roaming\Cursor\User\globalStorage\redhat.java\1.55.0\config_win\org.eclipse.equinox.launcher\org.eclipse.equinox.launcher.win32.win32.x86_64_1.3.100.v20260613-0559\eclipse_11924.dll
Event: 5.367 Loaded shared library C:\Users\D21\AppData\Local\Temp\jna-66947\jna15605699005815461397.dll

Deoptimization events (20 events):
Event: 18.108 Thread 0x00000214f2453210 Uncommon trap: trap_request=0xffffffc6 fr.pc=0x000002149e55d4cc relative=0x00000000000005ac
Event: 18.108 Thread 0x00000214f2453210 Uncommon trap: reason=bimorphic_or_optimized_type_check action=maybe_recompile pc=0x000002149e55d4cc method=lombok.eclipse.handlers.EclipseHandlerUtil.typeMatches(Ljava/lang/String;Llombok/eclipse/EclipseNode;Lorg/eclipse/jdt/internal/compiler/ast/TypeRef
Event: 18.108 Thread 0x00000214f2453210 DEOPT PACKING pc=0x000002149e55d4cc sp=0x000000de564fe7d0
Event: 18.108 Thread 0x00000214f2453210 DEOPT UNPACKING pc=0x000002149db13aa2 sp=0x000000de564fe778 mode 2
Event: 18.108 Thread 0x00000214f2453210 Uncommon trap: trap_request=0xffffffc6 fr.pc=0x000002149e55d4cc relative=0x00000000000005ac
Event: 18.108 Thread 0x00000214f2453210 Uncommon trap: reason=bimorphic_or_optimized_type_check action=maybe_recompile pc=0x000002149e55d4cc method=lombok.eclipse.handlers.EclipseHandlerUtil.typeMatches(Ljava/lang/String;Llombok/eclipse/EclipseNode;Lorg/eclipse/jdt/internal/compiler/ast/TypeRef
Event: 18.108 Thread 0x00000214f2453210 DEOPT PACKING pc=0x000002149e55d4cc sp=0x000000de564fe7d0
Event: 18.108 Thread 0x00000214f2453210 DEOPT UNPACKING pc=0x000002149db13aa2 sp=0x000000de564fe778 mode 2
Event: 18.110 Thread 0x00000214f2453210 Uncommon trap: trap_request=0xffffffd6 fr.pc=0x000002149e62257c relative=0x000000000000069c
Event: 18.110 Thread 0x00000214f2453210 Uncommon trap: reason=array_check action=maybe_recompile pc=0x000002149e62257c method=java.util.TimSort.binarySort([Ljava/lang/Object;IIILjava/util/Comparator;)V @ 183 c2
Event: 18.110 Thread 0x00000214f2453210 DEOPT PACKING pc=0x000002149e62257c sp=0x000000de564fedd0
Event: 18.110 Thread 0x00000214f2453210 DEOPT UNPACKING pc=0x000002149db13aa2 sp=0x000000de564fed68 mode 2
Event: 18.110 Thread 0x00000214f2453210 Uncommon trap: trap_request=0xffffffd6 fr.pc=0x000002149e622350 relative=0x0000000000000470
Event: 18.111 Thread 0x00000214f2453210 Uncommon trap: reason=array_check action=maybe_recompile pc=0x000002149e622350 method=java.util.TimSort.binarySort([Ljava/lang/Object;IIILjava/util/Comparator;)V @ 215 c2
Event: 18.111 Thread 0x00000214f2453210 DEOPT PACKING pc=0x000002149e622350 sp=0x000000de564fe740
Event: 18.111 Thread 0x00000214f2453210 DEOPT UNPACKING pc=0x000002149db13aa2 sp=0x000000de564fe6d8 mode 2
Event: 18.136 Thread 0x00000214f2453210 Uncommon trap: trap_request=0xffffffd6 fr.pc=0x000002149e62257c relative=0x000000000000069c
Event: 18.136 Thread 0x00000214f2453210 Uncommon trap: reason=array_check action=maybe_recompile pc=0x000002149e62257c method=java.util.TimSort.binarySort([Ljava/lang/Object;IIILjava/util/Comparator;)V @ 183 c2
Event: 18.136 Thread 0x00000214f2453210 DEOPT PACKING pc=0x000002149e62257c sp=0x000000de564fe6b0
Event: 18.136 Thread 0x00000214f2453210 DEOPT UNPACKING pc=0x000002149db13aa2 sp=0x000000de564fe648 mode 2

Classes loaded (20 events):
Event: 11.048 Loading class java/util/stream/DistinctOps
Event: 11.049 Loading class java/util/stream/DistinctOps done
Event: 11.049 Loading class java/util/stream/DistinctOps$1
Event: 11.049 Loading class java/util/stream/DistinctOps$1 done
Event: 11.049 Loading class java/util/stream/DistinctOps$1$2
Event: 11.050 Loading class java/util/stream/DistinctOps$1$2 done
Event: 14.697 Loading class java/util/stream/ReduceOps$4
Event: 14.697 Loading class java/util/stream/ReduceOps$4 done
Event: 14.697 Loading class java/util/stream/ReduceOps$4ReducingSink
Event: 14.697 Loading class java/util/stream/ReduceOps$4ReducingSink done
Event: 14.702 Loading class java/nio/file/Files$2
Event: 14.702 Loading class java/nio/file/Files$2 done
Event: 17.847 Loading class jdk/internal/module/IllegalAccessLogger
Event: 17.847 Loading class jdk/internal/module/IllegalAccessLogger done
Event: 17.858 Loading class java/util/concurrent/ArrayBlockingQueue
Event: 17.858 Loading class java/util/concurrent/ArrayBlockingQueue done
Event: 18.079 Loading class java/util/Hashtable$ValueCollection
Event: 18.079 Loading class java/util/Hashtable$ValueCollection done
Event: 18.089 Loading class java/util/concurrent/ConcurrentHashMap$KeySpliterator
Event: 18.090 Loading class java/util/concurrent/ConcurrentHashMap$KeySpliterator done

Classes unloaded (7 events):
Event: 5.826 Thread 0x000002149343e100 Unloading class 0x00000214ab1aa800 'java/lang/invoke/LambdaForm$MH+0x00000214ab1aa800'
Event: 5.826 Thread 0x000002149343e100 Unloading class 0x00000214ab1aa400 'java/lang/invoke/LambdaForm$MH+0x00000214ab1aa400'
Event: 5.826 Thread 0x000002149343e100 Unloading class 0x00000214ab1aa000 'java/lang/invoke/LambdaForm$MH+0x00000214ab1aa000'
Event: 5.826 Thread 0x000002149343e100 Unloading class 0x00000214ab1a9c00 'java/lang/invoke/LambdaForm$MH+0x00000214ab1a9c00'
Event: 5.826 Thread 0x000002149343e100 Unloading class 0x00000214ab1a9800 'java/lang/invoke/LambdaForm$BMH+0x00000214ab1a9800'
Event: 5.826 Thread 0x000002149343e100 Unloading class 0x00000214ab1a9400 'java/lang/invoke/LambdaForm$DMH+0x00000214ab1a9400'
Event: 5.826 Thread 0x000002149343e100 Unloading class 0x00000214ab1a8400 'java/lang/invoke/LambdaForm$DMH+0x00000214ab1a8400'

Classes redefined (0 events):
No events

Internal exceptions (20 events):
Event: 11.802 Thread 0x00000214f10aedc0 Exception <a 'java/lang/NullPointerException'{0x00000000d5e90f10}> (0x00000000d5e90f10) 
thrown [s\src\hotspot\share\interpreter\linkResolver.cpp, line 1372]
Event: 11.802 Thread 0x00000214f10aedc0 Exception <a 'java/lang/NullPointerException'{0x00000000d5e91728}> (0x00000000d5e91728) 
thrown [s\src\hotspot\share\interpreter\linkResolver.cpp, line 1372]
Event: 11.832 Thread 0x00000214f10aedc0 Exception <a 'java/lang/NullPointerException'{0x00000000d5eefc70}> (0x00000000d5eefc70) 
thrown [s\src\hotspot\share\interpreter\linkResolver.cpp, line 1372]
Event: 11.832 Thread 0x00000214f10aedc0 Exception <a 'java/lang/NullPointerException'{0x00000000d5ef0488}> (0x00000000d5ef0488) 
thrown [s\src\hotspot\share\interpreter\linkResolver.cpp, line 1372]
Event: 11.832 Thread 0x00000214f10aedc0 Exception <a 'java/lang/NullPointerException'{0x00000000d5ef0ca8}> (0x00000000d5ef0ca8) 
thrown [s\src\hotspot\share\interpreter\linkResolver.cpp, line 1372]
Event: 11.832 Thread 0x00000214f10aedc0 Exception <a 'java/lang/NullPointerException'{0x00000000d5ef14c8}> (0x00000000d5ef14c8) 
thrown [s\src\hotspot\share\interpreter\linkResolver.cpp, line 1372]
Event: 11.832 Thread 0x00000214f10aedc0 Exception <a 'java/lang/NullPointerException'{0x00000000d5ef1ce0}> (0x00000000d5ef1ce0) 
thrown [s\src\hotspot\share\interpreter\linkResolver.cpp, line 1372]
Event: 12.004 Thread 0x00000214f10aedc0 Exception <a 'java/lang/NoSuchMethodError'{0x00000000d63cc6d8}: 'java.lang.Object java.lang.invoke.DirectMethodHandle$Holder.invokeStatic(java.lang.Object, java.lang.Object, int, int)'> (0x00000000d63cc6d8) 
thrown [s\src\hotspot\share\interpreter\linkResolver.cpp, line 773]
Event: 12.005 Thread 0x00000214f10aedc0 Exception <a 'java/lang/NoSuchMethodError'{0x00000000d63d09e8}: 'java.lang.Object java.lang.invoke.DirectMethodHandle$Holder.invokeSpecial(java.lang.Object, java.lang.Object, java.lang.Object, int, int)'> (0x00000000d63d09e8) 
thrown [s\src\hotspot\share\interpreter\linkResolver.cpp, line 773]
Event: 14.706 Thread 0x00000214f10aedc0 Exception <a 'java/lang/NoSuchMethodError'{0x00000000d5aeb918}: 'int java.lang.invoke.DirectMethodHandle$Holder.invokeSpecialIFC(java.lang.Object, java.lang.Object, java.lang.Object)'> (0x00000000d5aeb918) 
thrown [s\src\hotspot\share\interpreter\linkResolver.cpp, line 773]
Event: 14.767 Thread 0x00000214f10aedc0 Implicit null exception at 0x000002149e47d94f to 0x000002149e47dab8
Event: 14.986 Thread 0x00000214f10aedc0 Exception <a 'java/lang/NoClassDefFoundError'{0x00000000d610b078}: org/eclipse/jdt/internal/core/CompilationUnit> (0x00000000d610b078) 
thrown [s\src\hotspot\share\classfile\systemDictionary.cpp, line 302]
Event: 16.710 Thread 0x00000214f10aedc0 Implicit null exception at 0x000002149e5bc3a0 to 0x000002149e5bc60c
Event: 18.053 Thread 0x00000214f2453210 Exception <a 'java/lang/NoSuchMethodError'{0x00000000d5e792f0}: 'void java.lang.invoke.DirectMethodHandle$Holder.invokeStatic(java.lang.Object, int, java.lang.Object)'> (0x00000000d5e792f0) 
thrown [s\src\hotspot\share\interpreter\linkResolver.cpp, line 773]
Event: 18.080 Thread 0x00000214f2453210 Exception <a 'java/lang/NullPointerException'{0x00000000d5f39178}> (0x00000000d5f39178) 
thrown [s\src\hotspot\share\interpreter\linkResolver.cpp, line 1372]
Event: 18.091 Thread 0x00000214f2453210 Exception <a 'java/lang/NullPointerException'{0x00000000d5f482d8}> (0x00000000d5f482d8) 
thrown [s\src\hotspot\share\interpreter\linkResolver.cpp, line 1372]
Event: 18.091 Thread 0x00000214f2453210 Exception <a 'java/lang/NullPointerException'{0x00000000d5f48a10}> (0x00000000d5f48a10) 
thrown [s\src\hotspot\share\interpreter\linkResolver.cpp, line 1372]
Event: 18.092 Thread 0x00000214f2453210 Exception <a 'java/lang/NullPointerException'{0x00000000d5f49ed8}> (0x00000000d5f49ed8) 
thrown [s\src\hotspot\share\interpreter\linkResolver.cpp, line 1372]
Event: 18.092 Thread 0x00000214f2453210 Exception <a 'java/lang/NullPointerException'{0x00000000d5f4a330}> (0x00000000d5f4a330) 
thrown [s\src\hotspot\share\interpreter\linkResolver.cpp, line 1372]
Event: 18.092 Thread 0x00000214f10aedc0 Exception <a 'java/lang/NoSuchMethodError'{0x00000000d5b73250}: 'java.lang.Object java.lang.invoke.DirectMethodHandle$Holder.newInvokeSpecial(java.lang.Object, java.lang.Object, int, int, java.lang.Object)'> (0x00000000d5b73250) 
thrown [s\src\hotspot\share\interpreter\linkResolver.cpp, line 773]

ZGC Phase Switch (0 events):
No events

VM Operations (20 events):
Event: 14.444 Executing safepoint VM operation: ParallelGCFailedAllocation (Allocation Failure)
Event: 14.449 Executing safepoint VM operation: ParallelGCFailedAllocation (Allocation Failure) done
Event: 15.205 Executing non-safepoint VM operation: HandshakeAllThreads (Deoptimize)
Event: 15.205 Executing non-safepoint VM operation: HandshakeAllThreads (Deoptimize) done
Event: 15.256 Executing safepoint VM operation: ParallelGCFailedAllocation (Allocation Failure)
Event: 15.259 Executing safepoint VM operation: ParallelGCFailedAllocation (Allocation Failure) done
Event: 16.233 Executing safepoint VM operation: ICBufferFull
Event: 16.233 Executing safepoint VM operation: ICBufferFull done
Event: 16.559 Executing safepoint VM operation: ParallelGCFailedAllocation (Allocation Failure)
Event: 16.562 Executing safepoint VM operation: ParallelGCFailedAllocation (Allocation Failure) done
Event: 17.186 Executing safepoint VM operation: ICBufferFull
Event: 17.186 Executing safepoint VM operation: ICBufferFull done
Event: 17.201 Executing safepoint VM operation: ParallelGCFailedAllocation (Allocation Failure)
Event: 17.205 Executing safepoint VM operation: ParallelGCFailedAllocation (Allocation Failure) done
Event: 17.619 Executing safepoint VM operation: ParallelGCFailedAllocation (Allocation Failure)
Event: 17.621 Executing safepoint VM operation: ParallelGCFailedAllocation (Allocation Failure) done
Event: 17.947 Executing non-safepoint VM operation: HandshakeAllThreads (Deoptimize)
Event: 17.947 Executing non-safepoint VM operation: HandshakeAllThreads (Deoptimize) done
Event: 18.088 Executing non-safepoint VM operation: HandshakeAllThreads (Deoptimize)
Event: 18.088 Executing non-safepoint VM operation: HandshakeAllThreads (Deoptimize) done

Memory protections (0 events):
No events

Nmethod flushes (20 events):
Event: 7.079 Thread 0x000002149343e100 flushing  nmethod 0x0000021496bfa210
Event: 7.079 Thread 0x000002149343e100 flushing  nmethod 0x0000021496bfcf10
Event: 7.079 Thread 0x000002149343e100 flushing  nmethod 0x0000021496bfd810
Event: 7.079 Thread 0x000002149343e100 flushing  nmethod 0x0000021496bff210
Event: 7.079 Thread 0x000002149343e100 flushing  nmethod 0x0000021496bff990
Event: 7.079 Thread 0x000002149343e100 flushing  nmethod 0x0000021496c00f10
Event: 7.079 Thread 0x000002149343e100 flushing  nmethod 0x0000021496c01410
Event: 7.079 Thread 0x000002149343e100 flushing  nmethod 0x0000021496c01810
Event: 7.079 Thread 0x000002149343e100 flushing  nmethod 0x0000021496c02110
Event: 7.079 Thread 0x000002149343e100 flushing  nmethod 0x0000021496c02e10
Event: 7.079 Thread 0x000002149343e100 flushing  nmethod 0x0000021496c04410
Event: 7.079 Thread 0x000002149343e100 flushing  nmethod 0x0000021496c06910
Event: 7.079 Thread 0x000002149343e100 flushing  nmethod 0x0000021496c30010
Event: 7.079 Thread 0x000002149343e100 flushing  nmethod 0x0000021496c3b090
Event: 7.079 Thread 0x000002149343e100 flushing  nmethod 0x0000021496c3fc10
Event: 7.079 Thread 0x000002149343e100 flushing  nmethod 0x0000021496c3ff10
Event: 7.079 Thread 0x000002149343e100 flushing  nmethod 0x0000021496c53810
Event: 7.079 Thread 0x000002149343e100 flushing  nmethod 0x0000021496c53d10
Event: 7.079 Thread 0x000002149343e100 flushing  nmethod 0x0000021496c95290
Event: 7.079 Thread 0x000002149343e100 flushing  nmethod 0x0000021496ce4990

Events (20 events):
Event: 9.594 Thread 0x00000214f10aedc0 Thread added: 0x00000214f24552e0
Event: 9.596 Thread 0x00000214f24552e0 Thread added: 0x00000214f2451140
Event: 9.597 Thread 0x00000214f2451140 Thread added: 0x00000214f2454c50
Event: 9.597 Thread 0x00000214f24552e0 Thread added: 0x00000214f2450ab0
Event: 9.677 Thread 0x00000214f10aedc0 Thread added: 0x00000214f24524f0
Event: 9.677 Thread 0x00000214f10aedc0 Thread added: 0x00000214f244f700
Event: 11.046 Thread 0x00000214f0ff9fe0 Thread exited: 0x00000214f0ff9fe0
Event: 11.368 Thread 0x00000214932eafe0 Thread added: 0x00000214f309c900
Event: 15.136 Thread 0x00000214f309c900 Thread exited: 0x00000214f309c900
Event: 15.334 Thread 0x00000214932eafe0 Thread added: 0x00000214ebc26500
Event: 15.491 Thread 0x00000214ebc26500 Thread exited: 0x00000214ebc26500
Event: 16.011 Thread 0x00000214932eafe0 Thread added: 0x00000214ebc26500
Event: 16.203 Thread 0x00000214ebc26500 Thread exited: 0x00000214ebc26500
Event: 16.220 Thread 0x00000214932eafe0 Thread added: 0x00000214fc0dbf20
Event: 16.989 Thread 0x00000214fc0dbf20 Thread exited: 0x00000214fc0dbf20
Event: 16.999 Thread 0x00000214932eafe0 Thread added: 0x00000214fcd41050
Event: 17.852 Thread 0x00000214fcd41050 Thread exited: 0x00000214fcd41050
Event: 17.859 Thread 0x00000214f10aedc0 Thread added: 0x00000214f2453210
Event: 18.093 Thread 0x00000214f10aedc0 Thread added: 0x00000214f2453f30
Event: 18.096 Thread 0x00000214932eafe0 Thread added: 0x00000214f36951f0


Dynamic libraries:
0x00007ff733f70000 - 0x00007ff733f7e000 	c:\Users\D21\.cursor\extensions\redhat.java-1.55.0-win32-x64\jre\21.0.11-win32-x86_64\bin\java.exe
0x00007fff79650000 - 0x00007fff79848000 	C:\Windows\SYSTEM32\ntdll.dll
0x00007fff78f10000 - 0x00007fff78fd2000 	C:\Windows\System32\KERNEL32.DLL
0x00007fff77340000 - 0x00007fff77636000 	C:\Windows\System32\KERNELBASE.dll
0x00007fff77070000 - 0x00007fff77170000 	C:\Windows\System32\ucrtbase.dll
0x00007fff5da10000 - 0x00007fff5da28000 	c:\Users\D21\.cursor\extensions\redhat.java-1.55.0-win32-x64\jre\21.0.11-win32-x86_64\bin\jli.dll
0x00007fff79100000 - 0x00007fff792a1000 	C:\Windows\System32\USER32.dll
0x00007fff77290000 - 0x00007fff772b2000 	C:\Windows\System32\win32u.dll
0x00007fff77720000 - 0x00007fff7774b000 	C:\Windows\System32\GDI32.dll
0x00007fff77170000 - 0x00007fff77289000 	C:\Windows\System32\gdi32full.dll
0x00007fff76e40000 - 0x00007fff76edd000 	C:\Windows\System32\msvcp_win.dll
0x00007fff5d9f0000 - 0x00007fff5da0e000 	c:\Users\D21\.cursor\extensions\redhat.java-1.55.0-win32-x64\jre\21.0.11-win32-x86_64\bin\VCRUNTIME140.dll
0x00007fff604c0000 - 0x00007fff6075b000 	C:\Windows\WinSxS\amd64_microsoft.windows.common-controls_6595b64144ccf1df_6.0.19041.6456_none_60b8a6cb71f64256\COMCTL32.dll
0x00007fff787a0000 - 0x00007fff7883e000 	C:\Windows\System32\msvcrt.dll
0x00007fff784f0000 - 0x00007fff7851f000 	C:\Windows\System32\IMM32.DLL
0x00007fff71220000 - 0x00007fff7122c000 	c:\Users\D21\.cursor\extensions\redhat.java-1.55.0-win32-x64\jre\21.0.11-win32-x86_64\bin\vcruntime140_1.dll
0x00007ffeed580000 - 0x00007ffeed60d000 	c:\Users\D21\.cursor\extensions\redhat.java-1.55.0-win32-x64\jre\21.0.11-win32-x86_64\bin\msvcp140.dll
0x00007ffeea260000 - 0x00007ffeeb002000 	c:\Users\D21\.cursor\extensions\redhat.java-1.55.0-win32-x64\jre\21.0.11-win32-x86_64\bin\server\jvm.dll
0x00007fff78330000 - 0x00007fff783e1000 	C:\Windows\System32\ADVAPI32.dll
0x00007fff78450000 - 0x00007fff784ef000 	C:\Windows\System32\sechost.dll
0x00007fff78520000 - 0x00007fff78640000 	C:\Windows\System32\RPCRT4.dll
0x00007fff77640000 - 0x00007fff77667000 	C:\Windows\System32\bcrypt.dll
0x00007fff794c0000 - 0x00007fff7952b000 	C:\Windows\System32\WS2_32.dll
0x00007fff76330000 - 0x00007fff7637b000 	C:\Windows\SYSTEM32\POWRPROF.dll
0x00007fff63b50000 - 0x00007fff63b77000 	C:\Windows\SYSTEM32\WINMM.dll
0x00007fff72590000 - 0x00007fff7259a000 	C:\Windows\SYSTEM32\VERSION.dll
0x00007fff76210000 - 0x00007fff76222000 	C:\Windows\SYSTEM32\UMPDC.dll
0x00007fff75500000 - 0x00007fff75512000 	C:\Windows\SYSTEM32\kernel.appcore.dll
0x00007fff5e410000 - 0x00007fff5e41a000 	c:\Users\D21\.cursor\extensions\redhat.java-1.55.0-win32-x64\jre\21.0.11-win32-x86_64\bin\jimage.dll
0x00007fff74840000 - 0x00007fff74a41000 	C:\Windows\SYSTEM32\DBGHELP.DLL
0x00007fff5cb60000 - 0x00007fff5cb94000 	C:\Windows\SYSTEM32\dbgcore.DLL
0x00007fff76f30000 - 0x00007fff76fb2000 	C:\Windows\System32\bcryptPrimitives.dll
0x00007fff5d480000 - 0x00007fff5d48f000 	c:\Users\D21\.cursor\extensions\redhat.java-1.55.0-win32-x64\jre\21.0.11-win32-x86_64\bin\instrument.dll
0x00007fff55bb0000 - 0x00007fff55bd0000 	c:\Users\D21\.cursor\extensions\redhat.java-1.55.0-win32-x64\jre\21.0.11-win32-x86_64\bin\java.dll
0x00007fff77bc0000 - 0x00007fff78330000 	C:\Windows\System32\SHELL32.dll
0x00007fff74cd0000 - 0x00007fff75475000 	C:\Windows\SYSTEM32\windows.storage.dll
0x00007fff78ba0000 - 0x00007fff78ef4000 	C:\Windows\System32\combase.dll
0x00007fff76630000 - 0x00007fff7665b000 	C:\Windows\SYSTEM32\Wldp.dll
0x00007fff79390000 - 0x00007fff7945d000 	C:\Windows\System32\OLEAUT32.dll
0x00007fff77670000 - 0x00007fff7771d000 	C:\Windows\System32\SHCORE.dll
0x00007fff783f0000 - 0x00007fff7844b000 	C:\Windows\System32\shlwapi.dll
0x00007fff76c10000 - 0x00007fff76c34000 	C:\Windows\SYSTEM32\profapi.dll
0x00007fff55980000 - 0x00007fff55998000 	c:\Users\D21\.cursor\extensions\redhat.java-1.55.0-win32-x64\jre\21.0.11-win32-x86_64\bin\zip.dll
0x00007fff56820000 - 0x00007fff56830000 	C:\Users\D21\.cursor\extensions\redhat.java-1.55.0-win32-x64\jre\21.0.11-win32-x86_64\bin\net.dll
0x00007fff72120000 - 0x00007fff7222a000 	C:\Windows\SYSTEM32\WINHTTP.dll
0x00007fff76410000 - 0x00007fff7647a000 	C:\Windows\system32\mswsock.dll
0x00007fff517f0000 - 0x00007fff51806000 	C:\Users\D21\.cursor\extensions\redhat.java-1.55.0-win32-x64\jre\21.0.11-win32-x86_64\bin\nio.dll
0x00007fff53b70000 - 0x00007fff53b80000 	c:\Users\D21\.cursor\extensions\redhat.java-1.55.0-win32-x64\jre\21.0.11-win32-x86_64\bin\verify.dll
0x00007fff35c90000 - 0x00007fff35cd5000 	C:\Users\D21\AppData\Roaming\Cursor\User\globalStorage\redhat.java\1.55.0\config_win\org.eclipse.equinox.launcher\org.eclipse.equinox.launcher.win32.win32.x86_64_1.3.100.v20260613-0559\eclipse_11924.dll
0x00007fff789f0000 - 0x00007fff78b1b000 	C:\Windows\System32\ole32.dll
0x00007fff76670000 - 0x00007fff76688000 	C:\Windows\SYSTEM32\CRYPTSP.dll
0x00007fff75ce0000 - 0x00007fff75d18000 	C:\Windows\system32\rsaenh.dll
0x00007fff76bd0000 - 0x00007fff76bfe000 	C:\Windows\SYSTEM32\USERENV.dll
0x00007fff765a0000 - 0x00007fff765ac000 	C:\Windows\SYSTEM32\CRYPTBASE.dll
0x00007fff760a0000 - 0x00007fff760db000 	C:\Windows\SYSTEM32\IPHLPAPI.DLL
0x00007fff78790000 - 0x00007fff78798000 	C:\Windows\System32\NSI.dll
0x00007fff35c00000 - 0x00007fff35c49000 	C:\Users\D21\AppData\Local\Temp\jna-66947\jna15605699005815461397.dll
0x00007fff78f00000 - 0x00007fff78f08000 	C:\Windows\System32\PSAPI.DLL
0x00007fff6fd20000 - 0x00007fff6fd37000 	C:\Windows\SYSTEM32\dhcpcsvc6.DLL
0x00007fff6fc70000 - 0x00007fff6fc8d000 	C:\Windows\SYSTEM32\dhcpcsvc.DLL

JVMTI agents:
c:\Users\D21\.cursor\extensions\redhat.java-1.55.0-win32-x64\lombok\lombok-1.18.39-4050.jar path:c:\Users\D21\.cursor\extensions\redhat.java-1.55.0-win32-x64\jre\21.0.11-win32-x86_64\bin\instrument.dll, loaded, initialized, instrumentlib options:none

dbghelp: loaded successfully - version: 4.0.5 - missing functions: none
symbol engine: initialized successfully - sym options: 0x614 - pdb path: .;c:\Users\D21\.cursor\extensions\redhat.java-1.55.0-win32-x64\jre\21.0.11-win32-x86_64\bin;C:\Windows\SYSTEM32;C:\Windows\WinSxS\amd64_microsoft.windows.common-controls_6595b64144ccf1df_6.0.19041.6456_none_60b8a6cb71f64256;c:\Users\D21\.cursor\extensions\redhat.java-1.55.0-win32-x64\jre\21.0.11-win32-x86_64\bin\server;C:\Users\D21\AppData\Roaming\Cursor\User\globalStorage\redhat.java\1.55.0\config_win\org.eclipse.equinox.launcher\org.eclipse.equinox.launcher.win32.win32.x86_64_1.3.100.v20260613-0559;C:\Users\D21\AppData\Local\Temp\jna-66947

VM Arguments:
jvm_args: --add-modules=ALL-SYSTEM --add-opens=java.base/java.util=ALL-UNNAMED --add-opens=java.base/java.lang=ALL-UNNAMED --add-opens=java.base/sun.nio.fs=ALL-UNNAMED -Declipse.application=org.eclipse.jdt.ls.core.id1 -Dosgi.bundles.defaultStartLevel=4 -Declipse.product=org.eclipse.jdt.ls.core.product -Djava.import.generatesMetadataFilesAtProjectRoot=false -DDetectVMInstallationsJob.disabled=true -Dfile.encoding=utf8 -XX:+UseParallelGC -XX:GCTimeRatio=4 -XX:AdaptiveSizePolicyWeight=90 -Dsun.zip.disableMemoryMapping=true -Xmx2G -Xms100m -Xlog:disable -javaagent:c:\Users\D21\.cursor\extensions\redhat.java-1.55.0-win32-x64\lombok\lombok-1.18.39-4050.jar -XX:+HeapDumpOnOutOfMemoryError -XX:HeapDumpPath=c:\Users\D21\AppData\Roaming\Cursor\User\workspaceStorage\a3e87334ead7c4b19bf7f56874e7213a\redhat.java -Daether.dependencyCollector.impl=bf 
java_command: c:\Users\D21\.cursor\extensions\redhat.java-1.55.0-win32-x64\server\plugins\org.eclipse.equinox.launcher_1.7.200.v20260619-2039.jar -configuration c:\Users\D21\AppData\Roaming\Cursor\User\globalStorage\redhat.java\1.55.0\config_win -data c:\Users\D21\AppData\Roaming\Cursor\User\workspaceStorage\a3e87334ead7c4b19bf7f56874e7213a\redhat.java\jdt_ws --pipe=\\.\pipe\lsp-518e2af93f191fa09c64080eaf4fc689-sock
java_class_path (initial): c:\Users\D21\.cursor\extensions\redhat.java-1.55.0-win32-x64\server\plugins\org.eclipse.equinox.launcher_1.7.200.v20260619-2039.jar
Launcher Type: SUN_STANDARD

[Global flags]
    uintx AdaptiveSizePolicyWeight                 = 90                                        {product} {command line}
     intx CICompilerCount                          = 3                                         {product} {ergonomic}
    uintx GCTimeRatio                              = 4                                         {product} {command line}
     bool HeapDumpOnOutOfMemoryError               = true                                   {manageable} {command line}
    ccstr HeapDumpPath                             = c:\Users\D21\AppData\Roaming\Cursor\User\workspaceStorage\a3e87334ead7c4b19bf7f56874e7213a\redhat.java         {manageable} {command line}
   size_t InitialHeapSize                          = 104857600                                 {product} {command line}
   size_t MaxHeapSize                              = 2147483648                                {product} {command line}
   size_t MaxNewSize                               = 715653120                                 {product} {ergonomic}
   size_t MinHeapDeltaBytes                        = 524288                                    {product} {ergonomic}
   size_t MinHeapSize                              = 104857600                                 {product} {command line}
   size_t NewSize                                  = 34603008                                  {product} {ergonomic}
    uintx NonNMethodCodeHeapSize                   = 5832780                                {pd product} {ergonomic}
    uintx NonProfiledCodeHeapSize                  = 122912730                              {pd product} {ergonomic}
   size_t OldSize                                  = 70254592                                  {product} {ergonomic}
    uintx ProfiledCodeHeapSize                     = 122912730                              {pd product} {ergonomic}
    uintx ReservedCodeCacheSize                    = 251658240                              {pd product} {ergonomic}
     bool SegmentedCodeCache                       = true                                      {product} {ergonomic}
   size_t SoftMaxHeapSize                          = 2147483648                             {manageable} {ergonomic}
     bool UseCompressedOops                        = true                           {product lp64_product} {ergonomic}
     bool UseLargePagesIndividualAllocation        = false                                  {pd product} {ergonomic}
     bool UseParallelGC                            = true                                      {product} {command line}

Logging:
Log output configuration:
 #0: stdout all=off uptime,level,tags foldmultilines=false
 #1: stderr all=off uptime,level,tags foldmultilines=false

Release file:
JAVA_VERSION="21.0.11" 
MODULES="java.base java.compiler java.datatransfer java.xml java.prefs java.desktop java.instrument java.logging java.management java.security.sasl java.naming java.rmi java.management.rmi java.net.http java.scripting java.security.jgss java.transaction.xa java.sql java.sql.rowset java.xml.crypto java.se java.smartcardio jdk.accessibility jdk.internal.jvmstat jdk.attach jdk.charsets jdk.internal.opt jdk.zipfs jdk.compiler jdk.crypto.ec jdk.crypto.cryptoki jdk.crypto.mscapi jdk.dynalink jdk.internal.ed jdk.editpad jdk.hotspot.agent jdk.httpserver jdk.internal.le jdk.internal.vm.ci jdk.internal.vm.compiler jdk.internal.vm.compiler.management jdk.jartool jdk.javadoc jdk.jcmd jdk.management jdk.management.agent jdk.jconsole jdk.jdeps jdk.jdwp.agent jdk.jdi jdk.jfr jdk.jshell jdk.jsobject jdk.jstatd jdk.localedata jdk.management.jfr jdk.naming.dns jdk.naming.rmi jdk.net jdk.nio.mapmode jdk.random jdk.sctp jdk.security.auth jdk.security.jgss jdk.unsupported jdk.unsupported.desktop jdk.xml.dom" 

Environment Variables:
JAVA_HOME=C:\Program Files\Eclipse Adoptium\jdk-17.0.14.7-hotspot
PATH=C:\apache-maven-3.9.9\bin;C:\Windows\system32;C:\Windows;C:\Windows\System32\Wbem;C:\Windows\System32\WindowsPowerShell\v1.0\;C:\Windows\System32\OpenSSH\;C:\Program Files (x86)\ePapyrus\Papyrus-PlugIn-web;C:\Program Files (x86)\ePapyrus\Papyrus-PlugIn-web\Addins;C:\Program Files (x86)\NVIDIA Corporation\PhysX\Common;C:\Users\D21\AppData\Local\nvm;C:\nvm4w\nodejs;C:\Program Files\nodejs\;C:\Program Files\Eclipse Adoptium\jdk-17.0.14.7-hotspot\bin;C:\Program Files\dotnet\;C:\Program Files\Git\cmd;C:\Program Files\GitHub CLI\;C:\Users\D21\AppData\Local\Programs\Python\Launcher\;C:\Users\D21\AppData\Local\Microsoft\WindowsApps;C:\Users\D21\AppData\Local\Programs\Microsoft VS Code\bin;C:\Users\D21\AppData\Local\nvm;C:\nvm4w\nodejs;C:\Users\D21\AppData\Roaming\npm;C:\Program Files\JetBrains\PyCharm 2025.1\bin;;C:\Users\D21\AppData\Local\Programs\cursor\resources\app\bin
USERNAME=D21
OS=Windows_NT
PROCESSOR_IDENTIFIER=Intel64 Family 6 Model 94 Stepping 3, GenuineIntel
TMP=C:\Users\D21\AppData\Local\Temp
TEMP=C:\Users\D21\AppData\Local\Temp




Periodic native trim disabled

---------------  S Y S T E M  ---------------

OS:
 Windows 10 , 64 bit Build 19041 (10.0.19041.5915)
OS uptime: 0 days 6:24 hours
Hyper-V role detected

CPU: total 4 (initial active 4) (4 cores per cpu, 1 threads per core) family 6 model 94 stepping 3 microcode 0xcc, cx8, cmov, fxsr, mmx, 3dnowpref, sse, sse2, sse3, ssse3, sse4.1, sse4.2, popcnt, lzcnt, tsc, tscinvbit, avx, avx2, aes, erms, clmul, bmi1, bmi2, adx, fma, vzeroupper, clflush, clflushopt, hv, rdtscp, f16c
Processor Information for the first 4 processors :
  Max Mhz: 2701, Current Mhz: 2701, Mhz Limit: 2701

Memory: 4k page, system-wide physical 16336M (3804M free)
TotalPageFile size 45809M (AvailPageFile size 3M)
current process WorkingSet (physical memory assigned to process): 298M, peak: 406M
current process commit charge ("private bytes"): 360M, peak: 480M

vm_info: OpenJDK 64-Bit Server VM (21.0.11+10-LTS) for windows-amd64 JRE (21.0.11+10-LTS), built on 2026-04-21T00:00:00Z by "admin" with MS VC++ 17.12 (VS2022)

END.
